Using key: AIzaSy...qPII
Testing with model: gemini-2.0-flash
node : Γ¥î Gemini Test 
Failed!
At line:1 char:1
+ node 
backend/test-gemini.js > 
backend/test-output.txt 
2>&1
+ ~~~~~~~~~~~~~~~~~~~~~~~~~
~~~~~~~~~~~~~~~~~~~~~~~~~~~
~~~~~~
    + CategoryInfo         
     : NotSpecified: (Γ¥î  
   Gemini Test Failed!:S   
 tring) [], RemoteExcep    
tion
    + FullyQualifiedErrorI 
   d : NativeCommandError
 
Status: 429
Message: 
[GoogleGenerativeAI 
Error]: Error fetching 
from https://generativelang
uage.googleapis.com/v1beta/
models/gemini-2.0-flash:gen
erateContent: [429 Too 
Many Requests] You 
exceeded your current 
quota, please check your 
plan and billing details. 
For more information on 
this error, head to: https:
//ai.google.dev/gemini-api/
docs/rate-limits. To 
monitor your current 
usage, head to: 
https://ai.dev/rate-limit. 
* Quota exceeded for 
metric: generativelanguage.
googleapis.com/generate_con
tent_free_tier_requests, 
limit: 0, model: 
gemini-2.0-flash
* Quota exceeded for 
metric: generativelanguage.
googleapis.com/generate_con
tent_free_tier_requests, 
limit: 0, model: 
gemini-2.0-flash
* Quota exceeded for 
metric: generativelanguage.
googleapis.com/generate_con
tent_free_tier_input_token_
count, limit: 0, model: 
gemini-2.0-flash
Please retry in 
30.482037134s. [{"@type":"t
ype.googleapis.com/google.r
pc.Help","links":[{"descrip
tion":"Learn more about 
Gemini API quotas","url":"h
ttps://ai.google.dev/gemini
-api/docs/rate-limits"}]},{
"@type":"type.googleapis.co
m/google.rpc.QuotaFailure",
"violations":[{"quotaMetric
":"generativelanguage.googl
eapis.com/generate_content_
free_tier_requests","quotaI
d":"GenerateRequestsPerDayP
erProjectPerModel-FreeTier"
,"quotaDimensions":{"model"
:"gemini-2.0-flash","locati
on":"global"}},{"quotaMetri
c":"generativelanguage.goog
leapis.com/generate_content
_free_tier_requests","quota
Id":"GenerateRequestsPerMin
utePerProjectPerModel-FreeT
ier","quotaDimensions":{"mo
del":"gemini-2.0-flash","lo
cation":"global"}},{"quotaM
etric":"generativelanguage.
googleapis.com/generate_con
tent_free_tier_input_token_
count","quotaId":"GenerateC
ontentInputTokensPerModelPe
rMinute-FreeTier","quotaDim
ensions":{"model":"gemini-2
.0-flash","location":"globa
l"}}]},{"@type":"type.googl
eapis.com/google.rpc.RetryI
nfo","retryDelay":"30s"}]
